node.exe : - Building...
At C:\Program 
Files\nodejs\npx.ps1:29 
char:3
+   & $NODE_EXE $NPX_CLI_JS 
$args
+   
~~~~~~~~~~~~~~~~~~~~~~~~~~~~~
    + CategoryInfo           
   : NotSpecified: (- Build  
  ing...:String) [], Remot   
 eException
    + FullyQualifiedErrorId  
   : NativeCommandError
 

Application bundle generation failed. [21.264 seconds]

X [ERROR] TS2339: Property 'g
etInvoiceDetailsByBillNumber'
 does not exist on type 
'ServiceInvoiceService'. 
[plugin angular-compiler]

    src/app/componets/Sales/S
erviceInvoices/service-add-re
fund/service-add-refund.compo
nent.ts:75:24:
      75 ظ¤é ...s.invoiceServ
ice.getInvoiceDetailsByBillNu
mber(this.invoiceNumb...
         ظـ╡                 
    
~~~~~~~~~~~~~~~~~~~~~~~~~~~~~


X [ERROR] TS7006: Parameter 
'error' implicitly has an 
'any' type. [plugin 
angular-compiler]

    src/app/componets/Sales/S
erviceInvoices/service-add-re
fund/service-add-refund.compo
nent.ts:90:14:
      90 ظ¤é       error: 
(error) => {
         ظـ╡               
~~~~~


